[0m16:24:37.305114 [debug] [MainThread]: Sending event: {'category': 'dbt', 'action': 'invocation', 'label': 'start', 'context': [<snowplow_tracker.self_describing_json.SelfDescribingJson object at 0x10ad17380>, <snowplow_tracker.self_describing_json.SelfDescribingJson object at 0x10c882710>, <snowplow_tracker.self_describing_json.SelfDescribingJson object at 0x10c882990>]}


============================== 16:24:37.332884 | d4ef7759-3e7d-4546-8c39-75dae8ab065a ==============================
[0m16:24:37.332884 [info ] [MainThread]: Running with dbt=1.12.5
[0m16:24:37.333328 [debug] [MainThread]: running dbt with arguments {'partial_parse': 'True', 'profiles_dir': '/Users/pius/.dbt', 'target_path': 'None', 'write_json': 'True', 'static_parser': 'True', 'quiet': 'False', 'use_colors': 'True', 'warn_error': 'None', 'invocation_command': 'dbt init dbt_project --skip-profile-setup', 'use_experimental_parser': 'False', 'maximum_seed_size_mib': '1', 'no_print': 'None', 'indirect_selection': 'eager', 'log_format': 'default', 'debug': 'False', 'introspect': 'True', 'empty': 'None', 'version_check': 'True', 'fail_fast': 'False', 'send_anonymous_usage_stats': 'True', 'log_path': 'logs', 'printer_width': '80', 'cache_selected_only': 'False', 'hints_enabled': 'True', 'log_cache_events': 'False', 'warn_error_options': 'WarnErrorOptionsV2(error=[], warn=[], silence=[])'}
[0m16:24:37.384959 [debug] [MainThread]: Starter project path: /Users/pius/Projects/world-economic-data/.venv/lib/python3.14/site-packages/dbt/include/starter_project
[0m16:24:37.389909 [info ] [MainThread]: Your new dbt project "dbt_project" was created!
Initialized new project in /Users/pius/Projects/world-economic-data/dbt_project/dbt_project

For more information on how to configure the profiles.yml file,
please consult the dbt documentation here:

  https://docs.getdbt.com/docs/configure-your-profile

One more thing:

Need help? Don't hesitate to reach out to us via GitHub issues or on Slack:

  https://community.getdbt.com/

Happy modeling!

[0m16:24:37.390400 [debug] [MainThread]: Resource report: {"command_name": "init", "command_success": true, "command_wall_clock_time": 0.16608971, "process_in_blocks": "0", "process_kernel_time": 0.525096, "process_mem_max_rss": "165855232", "process_out_blocks": "0", "process_user_time": 2.52163}
[0m16:24:37.390921 [debug] [MainThread]: Command `dbt init` succeeded at 16:24:37.390802 after 0.17 seconds
[0m16:24:37.391173 [debug] [MainThread]: Sending event: {'category': 'dbt', 'action': 'invocation', 'label': 'end', 'context': [<snowplow_tracker.self_describing_json.SelfDescribingJson object at 0x10c4c6780>, <snowplow_tracker.self_describing_json.SelfDescribingJson object at 0x10c5ea7b0>, <snowplow_tracker.self_describing_json.SelfDescribingJson object at 0x10c5bc6b0>]}
[0m16:24:37.391436 [debug] [MainThread]: Flushing usage events
[0m16:24:38.800830 [debug] [MainThread]: An error was encountered while trying to flush usage events
[0m10:09:15.619196 [debug] [MainThread]: Sending event: {'category': 'dbt', 'action': 'invocation', 'label': 'start', 'context': [<snowplow_tracker.self_describing_json.SelfDescribingJson object at 0x10ce13230>, <snowplow_tracker.self_describing_json.SelfDescribingJson object at 0x10e66ad50>, <snowplow_tracker.self_describing_json.SelfDescribingJson object at 0x10e66b110>]}


============================== 10:09:15.623690 | 73e6603a-7918-4828-8513-8b8eb9a68910 ==============================
[0m10:09:15.623690 [info ] [MainThread]: Running with dbt=1.12.5
[0m10:09:15.624113 [debug] [MainThread]: running dbt with arguments {'introspect': 'True', 'profiles_dir': '/Users/pius/.dbt', 'warn_error_options': 'WarnErrorOptionsV2(error=[], warn=[], silence=[])', 'indirect_selection': 'eager', 'printer_width': '80', 'maximum_seed_size_mib': '1', 'quiet': 'False', 'invocation_command': 'dbt run --select stg_indicators dim_indicator', 'cache_selected_only': 'False', 'use_colors': 'True', 'log_cache_events': 'False', 'send_anonymous_usage_stats': 'True', 'empty': 'False', 'write_json': 'True', 'version_check': 'True', 'warn_error': 'None', 'fail_fast': 'False', 'no_print': 'None', 'debug': 'False', 'log_path': 'logs', 'log_format': 'default', 'hints_enabled': 'True', 'target_path': 'None', 'partial_parse': 'True', 'static_parser': 'True', 'use_experimental_parser': 'False'}
[0m10:09:15.624753 [error] [MainThread]: [[31mERROR[0m]: Encountered an error:
Runtime Error
  No dbt_project.yml found at expected path /Users/pius/Projects/world-economic-data/dbt_project.yml
  Verify that each entry within packages.yml (and their transitive dependencies) contains a file named dbt_project.yml
  
[0m10:09:15.625161 [debug] [MainThread]: Resource report: {"command_name": "run", "command_success": false, "command_wall_clock_time": 0.1601582, "process_in_blocks": "0", "process_kernel_time": 0.168705, "process_mem_max_rss": "126763008", "process_out_blocks": "0", "process_user_time": 0.712812}
[0m10:09:15.625509 [debug] [MainThread]: Command `dbt run` failed at 10:09:15.625445 after 0.16 seconds
[0m10:09:15.625739 [debug] [MainThread]: Sending event: {'category': 'dbt', 'action': 'invocation', 'label': 'end', 'context': [<snowplow_tracker.self_describing_json.SelfDescribingJson object at 0x10e4af6f0>, <snowplow_tracker.self_describing_json.SelfDescribingJson object at 0x10e714170>, <snowplow_tracker.self_describing_json.SelfDescribingJson object at 0x10e6c6690>]}
[0m10:09:15.625938 [debug] [MainThread]: Flushing usage events
[0m10:09:16.607577 [debug] [MainThread]: An error was encountered while trying to flush usage events
